#-----------------------------------------------------------
# Vivado v2017.4 (64-bit)
# SW Build 2086221 on Fri Dec 15 20:55:39 MST 2017
# IP Build 2085800 on Fri Dec 15 22:25:07 MST 2017
# Start of session at: Tue Apr 10 14:21:58 2018
# Process ID: 4596
# Current directory: C:/Users/bntha/Desktop/ZedBoard_Tuturial/project_first_zynq_design/project_first_zynq_design.runs/first_zynq_system_rst_ps7_0_100M_0_synth_1
# Command line: vivado.exe -log first_zynq_system_rst_ps7_0_100M_0.vds -product Vivado -mode batch -messageDb vivado.pb -notrace -source first_zynq_system_rst_ps7_0_100M_0.tcl
# Log file: C:/Users/bntha/Desktop/ZedBoard_Tuturial/project_first_zynq_design/project_first_zynq_design.runs/first_zynq_system_rst_ps7_0_100M_0_synth_1/first_zynq_system_rst_ps7_0_100M_0.vds
# Journal file: C:/Users/bntha/Desktop/ZedBoard_Tuturial/project_first_zynq_design/project_first_zynq_design.runs/first_zynq_system_rst_ps7_0_100M_0_synth_1\vivado.jou
#-----------------------------------------------------------
source first_zynq_system_rst_ps7_0_100M_0.tcl -notrace
