#-----------------------------------------------------------
# Vivado v2017.4 (64-bit)
# SW Build 2086221 on Fri Dec 15 20:55:39 MST 2017
# IP Build 2085800 on Fri Dec 15 22:25:07 MST 2017
# Start of session at: Tue Apr 10 14:50:03 2018
# Process ID: 12864
# Current directory: C:/Users/bntha/Desktop/ZedBoard_Tuturial/zynq_interrupt/zynq_interrupt.runs/zynq_interrupt_system_axi_gpio_1_0_synth_1
# Command line: vivado.exe -log zynq_interrupt_system_axi_gpio_1_0.vds -product Vivado -mode batch -messageDb vivado.pb -notrace -source zynq_interrupt_system_axi_gpio_1_0.tcl
# Log file: C:/Users/bntha/Desktop/ZedBoard_Tuturial/zynq_interrupt/zynq_interrupt.runs/zynq_interrupt_system_axi_gpio_1_0_synth_1/zynq_interrupt_system_axi_gpio_1_0.vds
# Journal file: C:/Users/bntha/Desktop/ZedBoard_Tuturial/zynq_interrupt/zynq_interrupt.runs/zynq_interrupt_system_axi_gpio_1_0_synth_1\vivado.jou
#-----------------------------------------------------------
source zynq_interrupt_system_axi_gpio_1_0.tcl -notrace
